// Jest Snapshot v1, https://goo.gl/fbAQLP

exports[`TradeTab Component should match snapshot 1`] = `
Object {
  "asFragment": [Function],
  "baseElement": <body>
    <div>
      <div
        class="MuiPaper-root MuiCard-root makeStyles-card-23 MuiPaper-elevation1 MuiPaper-rounded"
      >
        <div
          class="MuiGrid-root MuiGrid-container MuiGrid-spacing-xs-2 MuiGrid-grid-xs-12"
        >
          <div
            class="MuiGrid-root MuiGrid-item MuiGrid-grid-xs-3 MuiGrid-grid-sm-3"
          >
            <div
              class="MuiBox-root MuiBox-root-32 makeStyles-nameStyle-24"
            >
              <div
                class="MuiAvatar-root MuiAvatar-circular makeStyles-avatar-26"
              >
                <img
                  class="MuiAvatar-img"
                  src="bitcoin.png"
                />
              </div>
              <div
                class="MuiBox-root MuiBox-root-33 makeStyles-columnContent-31"
              >
                <p
                  class="MuiTypography-root makeStyles-nameTextStyle-27 MuiTypography-body1"
                  data-testid="coinType"
                >
                  Bitcoin
                </p>
                <span
                  class="MuiTypography-root makeStyles-shortNameStyle-25 MuiTypography-overline"
                  data-testid="coinTypeShort"
                >
                  BTC
                </span>
              </div>
            </div>
          </div>
          <div
            class="MuiGrid-root MuiGrid-item MuiGrid-grid-xs-3 MuiGrid-grid-sm-3"
          >
            <p
              class="MuiTypography-root makeStyles-priceStyle-28 MuiTypography-body2"
              data-testid="price"
            >
              $
              3,285,553.73
            </p>
          </div>
          <div
            class="MuiGrid-root MuiGrid-item MuiGrid-grid-xs-2 MuiGrid-grid-sm-3"
          >
            <p
              class="MuiTypography-root makeStyles-changeStyle-29 MuiTypography-body2"
              data-testid="change"
            >
              -1.06%
            </p>
          </div>
          <div
            class="MuiGrid-root MuiGrid-item MuiGrid-grid-xs-2 MuiGrid-grid-sm-2"
          >
            <p
              class="MuiTypography-root makeStyles-marketCapStyle-30 MuiTypography-body2"
              data-testid="marketCap"
            >
              $
              60.1T
            </p>
          </div>
          <div
            class="MuiGrid-root MuiGrid-item MuiGrid-grid-xs-1 MuiGrid-grid-sm-1"
          >
            <svg
              aria-hidden="true"
              class="MuiSvgIcon-root"
              data-testid="watch"
              focusable="false"
              viewBox="0 0 24 24"
            >
              <path
                d="M22 9.24l-7.19-.62L12 2 9.19 8.63 2 9.24l5.46 4.73L5.82 21 12 17.27 18.18 21l-1.63-7.03L22 9.24zM12 15.4l-3.76 2.27 1-4.28-3.32-2.88 4.38-.38L12 6.1l1.71 4.04 4.38.38-3.32 2.88 1 4.28L12 15.4z"
              />
            </svg>
          </div>
        </div>
      </div>
    </div>
  </body>,
  "container": <div>
    <div
      class="MuiPaper-root MuiCard-root makeStyles-card-23 MuiPaper-elevation1 MuiPaper-rounded"
    >
      <div
        class="MuiGrid-root MuiGrid-container MuiGrid-spacing-xs-2 MuiGrid-grid-xs-12"
      >
        <div
          class="MuiGrid-root MuiGrid-item MuiGrid-grid-xs-3 MuiGrid-grid-sm-3"
        >
          <div
            class="MuiBox-root MuiBox-root-32 makeStyles-nameStyle-24"
          >
            <div
              class="MuiAvatar-root MuiAvatar-circular makeStyles-avatar-26"
            >
              <img
                class="MuiAvatar-img"
                src="bitcoin.png"
              />
            </div>
            <div
              class="MuiBox-root MuiBox-root-33 makeStyles-columnContent-31"
            >
              <p
                class="MuiTypography-root makeStyles-nameTextStyle-27 MuiTypography-body1"
                data-testid="coinType"
              >
                Bitcoin
              </p>
              <span
                class="MuiTypography-root makeStyles-shortNameStyle-25 MuiTypography-overline"
                data-testid="coinTypeShort"
              >
                BTC
              </span>
            </div>
          </div>
        </div>
        <div
          class="MuiGrid-root MuiGrid-item MuiGrid-grid-xs-3 MuiGrid-grid-sm-3"
        >
          <p
            class="MuiTypography-root makeStyles-priceStyle-28 MuiTypography-body2"
            data-testid="price"
          >
            $
            3,285,553.73
          </p>
        </div>
        <div
          class="MuiGrid-root MuiGrid-item MuiGrid-grid-xs-2 MuiGrid-grid-sm-3"
        >
          <p
            class="MuiTypography-root makeStyles-changeStyle-29 MuiTypography-body2"
            data-testid="change"
          >
            -1.06%
          </p>
        </div>
        <div
          class="MuiGrid-root MuiGrid-item MuiGrid-grid-xs-2 MuiGrid-grid-sm-2"
        >
          <p
            class="MuiTypography-root makeStyles-marketCapStyle-30 MuiTypography-body2"
            data-testid="marketCap"
          >
            $
            60.1T
          </p>
        </div>
        <div
          class="MuiGrid-root MuiGrid-item MuiGrid-grid-xs-1 MuiGrid-grid-sm-1"
        >
          <svg
            aria-hidden="true"
            class="MuiSvgIcon-root"
            data-testid="watch"
            focusable="false"
            viewBox="0 0 24 24"
          >
            <path
              d="M22 9.24l-7.19-.62L12 2 9.19 8.63 2 9.24l5.46 4.73L5.82 21 12 17.27 18.18 21l-1.63-7.03L22 9.24zM12 15.4l-3.76 2.27 1-4.28-3.32-2.88 4.38-.38L12 6.1l1.71 4.04 4.38.38-3.32 2.88 1 4.28L12 15.4z"
            />
          </svg>
        </div>
      </div>
    </div>
  </div>,
  "debug": [Function],
  "findAllByAltText": [Function],
  "findAllByDisplayValue": [Function],
  "findAllByLabelText": [Function],
  "findAllByPlaceholderText": [Function],
  "findAllByRole": [Function],
  "findAllByTestId": [Function],
  "findAllByText": [Function],
  "findAllByTitle": [Function],
  "findByAltText": [Function],
  "findByDisplayValue": [Function],
  "findByLabelText": [Function],
  "findByPlaceholderText": [Function],
  "findByRole": [Function],
  "findByTestId": [Function],
  "findByText": [Function],
  "findByTitle": [Function],
  "getAllByAltText": [Function],
  "getAllByDisplayValue": [Function],
  "getAllByLabelText": [Function],
  "getAllByPlaceholderText": [Function],
  "getAllByRole": [Function],
  "getAllByTestId": [Function],
  "getAllByText": [Function],
  "getAllByTitle": [Function],
  "getByAltText": [Function],
  "getByDisplayValue": [Function],
  "getByLabelText": [Function],
  "getByPlaceholderText": [Function],
  "getByRole": [Function],
  "getByTestId": [Function],
  "getByText": [Function],
  "getByTitle": [Function],
  "queryAllByAltText": [Function],
  "queryAllByDisplayValue": [Function],
  "queryAllByLabelText": [Function],
  "queryAllByPlaceholderText": [Function],
  "queryAllByRole": [Function],
  "queryAllByTestId": [Function],
  "queryAllByText": [Function],
  "queryAllByTitle": [Function],
  "queryByAltText": [Function],
  "queryByDisplayValue": [Function],
  "queryByLabelText": [Function],
  "queryByPlaceholderText": [Function],
  "queryByRole": [Function],
  "queryByTestId": [Function],
  "queryByText": [Function],
  "queryByTitle": [Function],
  "rerender": [Function],
  "unmount": [Function],
}
`;
