// Jest Snapshot v1, https://goo.gl/fbAQLP

exports[`Checkout Component should match snapshot 1`] = `
Object {
  "asFragment": [Function],
  "baseElement": <body>
    <div>
      <div
        class="MuiPaper-root MuiCard-root makeStyles-root-1 MuiPaper-outlined MuiPaper-rounded"
      >
        <p
          class="MuiTypography-root MuiTypography-body1"
        >
          Amount details
        </p>
        <div
          class="MuiPaper-root MuiCard-root makeStyles-firstCard-2 MuiPaper-outlined MuiPaper-rounded"
        >
          <div
            class="MuiBox-root MuiBox-root-9"
          >
            <div
              class="MuiInputBase-root MuiInputBase-adornedStart"
            >
              <div
                class="MuiInputAdornment-root MuiInputAdornment-positionStart"
              >
                <h6
                  class="MuiTypography-root MuiTypography-subtitle1"
                >
                  $
                </h6>
              </div>
              <input
                class="MuiInputBase-input MuiInputBase-inputAdornedStart"
                placeholder="Enter Amount"
                type="text"
                value="876400"
              />
            </div>
            
          </div>
          <button
            class="MuiButtonBase-root MuiButton-root MuiButton-outlined makeStyles-button-7 MuiButton-outlinedPrimary"
            tabindex="0"
            type="button"
          >
            <span
              class="MuiButton-label"
            >
              <p
                class="MuiTypography-root MuiTypography-body1"
              >
                Buy Max
              </p>
            </span>
            <span
              class="MuiTouchRipple-root"
            />
          </button>
        </div>
        <div
          class="MuiBox-root MuiBox-root-10 makeStyles-sliderCard-3"
        >
          <span
            class="MuiSlider-root MuiSlider-colorPrimary Mui-disabled MuiSlider-trackFalse MuiSlider-vertical"
          >
            <span
              class="MuiSlider-rail WithStyles(ForwardRef(Slider))-rail-12"
            />
            <span
              class="MuiSlider-track WithStyles(ForwardRef(Slider))-track-13"
              style="bottom: 0%; height: 50%;"
            />
            <input
              type="hidden"
              value="55"
            />
            <span
              aria-orientation="vertical"
              aria-valuemax="100"
              aria-valuemin="10"
              aria-valuenow="55"
              class="MuiSlider-thumb WithStyles(ForwardRef(Slider))-thumb-11 MuiSlider-thumbColorPrimary Mui-disabled"
              data-index="0"
              role="slider"
              style="bottom: 50%;"
            />
          </span>
          <span
            class="MuiTypography-root makeStyles-bitcoinValue-6 MuiTypography-caption"
          >
            1
            BTC
            =
            $3,406,069.54
          </span>
        </div>
        <div
          class="MuiPaper-root MuiCard-root makeStyles-secondCard-4 MuiPaper-outlined MuiPaper-rounded"
        >
          <h6
            class="MuiTypography-root MuiTypography-subtitle1"
          >
            0.0346
          </h6>
          <p
            class="MuiTypography-root makeStyles-BTCText-8 MuiTypography-body1"
          >
            BTC
          </p>
        </div>
      </div>
    </div>
  </body>,
  "container": <div>
    <div
      class="MuiPaper-root MuiCard-root makeStyles-root-1 MuiPaper-outlined MuiPaper-rounded"
    >
      <p
        class="MuiTypography-root MuiTypography-body1"
      >
        Amount details
      </p>
      <div
        class="MuiPaper-root MuiCard-root makeStyles-firstCard-2 MuiPaper-outlined MuiPaper-rounded"
      >
        <div
          class="MuiBox-root MuiBox-root-9"
        >
          <div
            class="MuiInputBase-root MuiInputBase-adornedStart"
          >
            <div
              class="MuiInputAdornment-root MuiInputAdornment-positionStart"
            >
              <h6
                class="MuiTypography-root MuiTypography-subtitle1"
              >
                $
              </h6>
            </div>
            <input
              class="MuiInputBase-input MuiInputBase-inputAdornedStart"
              placeholder="Enter Amount"
              type="text"
              value="876400"
            />
          </div>
          
        </div>
        <button
          class="MuiButtonBase-root MuiButton-root MuiButton-outlined makeStyles-button-7 MuiButton-outlinedPrimary"
          tabindex="0"
          type="button"
        >
          <span
            class="MuiButton-label"
          >
            <p
              class="MuiTypography-root MuiTypography-body1"
            >
              Buy Max
            </p>
          </span>
          <span
            class="MuiTouchRipple-root"
          />
        </button>
      </div>
      <div
        class="MuiBox-root MuiBox-root-10 makeStyles-sliderCard-3"
      >
        <span
          class="MuiSlider-root MuiSlider-colorPrimary Mui-disabled MuiSlider-trackFalse MuiSlider-vertical"
        >
          <span
            class="MuiSlider-rail WithStyles(ForwardRef(Slider))-rail-12"
          />
          <span
            class="MuiSlider-track WithStyles(ForwardRef(Slider))-track-13"
            style="bottom: 0%; height: 50%;"
          />
          <input
            type="hidden"
            value="55"
          />
          <span
            aria-orientation="vertical"
            aria-valuemax="100"
            aria-valuemin="10"
            aria-valuenow="55"
            class="MuiSlider-thumb WithStyles(ForwardRef(Slider))-thumb-11 MuiSlider-thumbColorPrimary Mui-disabled"
            data-index="0"
            role="slider"
            style="bottom: 50%;"
          />
        </span>
        <span
          class="MuiTypography-root makeStyles-bitcoinValue-6 MuiTypography-caption"
        >
          1
          BTC
          =
          $3,406,069.54
        </span>
      </div>
      <div
        class="MuiPaper-root MuiCard-root makeStyles-secondCard-4 MuiPaper-outlined MuiPaper-rounded"
      >
        <h6
          class="MuiTypography-root MuiTypography-subtitle1"
        >
          0.0346
        </h6>
        <p
          class="MuiTypography-root makeStyles-BTCText-8 MuiTypography-body1"
        >
          BTC
        </p>
      </div>
    </div>
  </div>,
  "debug": [Function],
  "findAllByAltText": [Function],
  "findAllByDisplayValue": [Function],
  "findAllByLabelText": [Function],
  "findAllByPlaceholderText": [Function],
  "findAllByRole": [Function],
  "findAllByTestId": [Function],
  "findAllByText": [Function],
  "findAllByTitle": [Function],
  "findByAltText": [Function],
  "findByDisplayValue": [Function],
  "findByLabelText": [Function],
  "findByPlaceholderText": [Function],
  "findByRole": [Function],
  "findByTestId": [Function],
  "findByText": [Function],
  "findByTitle": [Function],
  "getAllByAltText": [Function],
  "getAllByDisplayValue": [Function],
  "getAllByLabelText": [Function],
  "getAllByPlaceholderText": [Function],
  "getAllByRole": [Function],
  "getAllByTestId": [Function],
  "getAllByText": [Function],
  "getAllByTitle": [Function],
  "getByAltText": [Function],
  "getByDisplayValue": [Function],
  "getByLabelText": [Function],
  "getByPlaceholderText": [Function],
  "getByRole": [Function],
  "getByTestId": [Function],
  "getByText": [Function],
  "getByTitle": [Function],
  "queryAllByAltText": [Function],
  "queryAllByDisplayValue": [Function],
  "queryAllByLabelText": [Function],
  "queryAllByPlaceholderText": [Function],
  "queryAllByRole": [Function],
  "queryAllByTestId": [Function],
  "queryAllByText": [Function],
  "queryAllByTitle": [Function],
  "queryByAltText": [Function],
  "queryByDisplayValue": [Function],
  "queryByLabelText": [Function],
  "queryByPlaceholderText": [Function],
  "queryByRole": [Function],
  "queryByTestId": [Function],
  "queryByText": [Function],
  "queryByTitle": [Function],
  "rerender": [Function],
  "unmount": [Function],
}
`;
