// Jest Snapshot v1, https://goo.gl/fbAQLP

exports[`MyPortfolio Component should match snapshot 1`] = `
Object {
  "asFragment": [Function],
  "baseElement": <body>
    <div>
      <div
        class="MuiBox-root MuiBox-root-11 makeStyles-root-7"
      >
        <div
          class="MuiGrid-root makeStyles-parent-8 MuiGrid-container MuiGrid-item MuiGrid-align-items-xs-center MuiGrid-justify-content-xs-space-between"
        >
          <div
            class="MuiGrid-root MuiGrid-item"
          >
            <div
              class="MuiBox-root MuiBox-root-12 makeStyles-dashboard-1"
            >
              <p
                class="MuiTypography-root MuiTypography-body1"
                style="color: rgb(52, 52, 70); font-weight: bold;"
              >
                My portfolio
              </p>
            </div>
          </div>
          <div
            class="MuiGrid-root MuiGrid-item"
          >
            <div
              class="MuiBox-root MuiBox-root-13 makeStyles-icons-2"
            >
              <div
                class="MuiBox-root MuiBox-root-14 makeStyles-charts-3"
              >
                <img
                  alt="charts"
                  src="donut-chart-line.svg"
                />
              </div>
              <div
                class="MuiBox-root MuiBox-root-15 makeStyles-menu-5"
              >
                <img
                  alt="menu"
                  class="makeStyles-menuImage-4"
                  src="list-view-icon.svg"
                />
              </div>
            </div>
          </div>
        </div>
        <div
          class="MuiGrid-root MuiGrid-container MuiGrid-direction-xs-column"
        >
          <div
            class="MuiBox-root MuiBox-root-16 makeStyles-render-9"
          >
            <div
              class="MuiGrid-root makeStyles-cards-10 MuiGrid-item"
            >
              <div
                class="MuiBox-root MuiBox-root-21 makeStyles-root-17"
              >
                <img
                  class="makeStyles-currencyIcon-18"
                  src="bitcoin.png"
                />
                <div
                  class="MuiBox-root MuiBox-root-22"
                >
                  <p
                    class="MuiTypography-root MuiTypography-body1"
                  >
                    Bitcoin
                  </p>
                  <span
                    class="MuiTypography-root makeStyles-currencyCode-19 MuiTypography-caption"
                  >
                    BTC
                  </span>
                </div>
                <div
                  class="MuiBox-root MuiBox-root-23"
                >
                  <p
                    class="MuiTypography-root MuiTypography-body1"
                    data-testid="coin"
                  >
                    50000.00
                  </p>
                  <span
                    class="MuiTypography-root makeStyles-gainsText-20 MuiTypography-caption"
                    data-testid="gains"
                    style="color: rgb(32, 176, 63);"
                  >
                    +10.5
                    %
                  </span>
                </div>
              </div>
            </div>
          </div>
        </div>
        <div
          class="MuiGrid-root makeStyles-totalBalance-6 MuiGrid-container MuiGrid-item MuiGrid-align-items-xs-center MuiGrid-justify-content-xs-space-between"
        >
          <div
            class="MuiGrid-root MuiGrid-item"
          >
            <p
              class="MuiTypography-root MuiTypography-body1"
              style="color: rgb(125, 125, 137);"
            >
              Total Balance
            </p>
          </div>
          <div
            class="MuiGrid-root MuiGrid-item"
          >
            <p
              class="MuiTypography-root MuiTypography-body1"
            >
              $ 14,027.2
            </p>
          </div>
        </div>
      </div>
    </div>
  </body>,
  "container": <div>
    <div
      class="MuiBox-root MuiBox-root-11 makeStyles-root-7"
    >
      <div
        class="MuiGrid-root makeStyles-parent-8 MuiGrid-container MuiGrid-item MuiGrid-align-items-xs-center MuiGrid-justify-content-xs-space-between"
      >
        <div
          class="MuiGrid-root MuiGrid-item"
        >
          <div
            class="MuiBox-root MuiBox-root-12 makeStyles-dashboard-1"
          >
            <p
              class="MuiTypography-root MuiTypography-body1"
              style="color: rgb(52, 52, 70); font-weight: bold;"
            >
              My portfolio
            </p>
          </div>
        </div>
        <div
          class="MuiGrid-root MuiGrid-item"
        >
          <div
            class="MuiBox-root MuiBox-root-13 makeStyles-icons-2"
          >
            <div
              class="MuiBox-root MuiBox-root-14 makeStyles-charts-3"
            >
              <img
                alt="charts"
                src="donut-chart-line.svg"
              />
            </div>
            <div
              class="MuiBox-root MuiBox-root-15 makeStyles-menu-5"
            >
              <img
                alt="menu"
                class="makeStyles-menuImage-4"
                src="list-view-icon.svg"
              />
            </div>
          </div>
        </div>
      </div>
      <div
        class="MuiGrid-root MuiGrid-container MuiGrid-direction-xs-column"
      >
        <div
          class="MuiBox-root MuiBox-root-16 makeStyles-render-9"
        >
          <div
            class="MuiGrid-root makeStyles-cards-10 MuiGrid-item"
          >
            <div
              class="MuiBox-root MuiBox-root-21 makeStyles-root-17"
            >
              <img
                class="makeStyles-currencyIcon-18"
                src="bitcoin.png"
              />
              <div
                class="MuiBox-root MuiBox-root-22"
              >
                <p
                  class="MuiTypography-root MuiTypography-body1"
                >
                  Bitcoin
                </p>
                <span
                  class="MuiTypography-root makeStyles-currencyCode-19 MuiTypography-caption"
                >
                  BTC
                </span>
              </div>
              <div
                class="MuiBox-root MuiBox-root-23"
              >
                <p
                  class="MuiTypography-root MuiTypography-body1"
                  data-testid="coin"
                >
                  50000.00
                </p>
                <span
                  class="MuiTypography-root makeStyles-gainsText-20 MuiTypography-caption"
                  data-testid="gains"
                  style="color: rgb(32, 176, 63);"
                >
                  +10.5
                  %
                </span>
              </div>
            </div>
          </div>
        </div>
      </div>
      <div
        class="MuiGrid-root makeStyles-totalBalance-6 MuiGrid-container MuiGrid-item MuiGrid-align-items-xs-center MuiGrid-justify-content-xs-space-between"
      >
        <div
          class="MuiGrid-root MuiGrid-item"
        >
          <p
            class="MuiTypography-root MuiTypography-body1"
            style="color: rgb(125, 125, 137);"
          >
            Total Balance
          </p>
        </div>
        <div
          class="MuiGrid-root MuiGrid-item"
        >
          <p
            class="MuiTypography-root MuiTypography-body1"
          >
            $ 14,027.2
          </p>
        </div>
      </div>
    </div>
  </div>,
  "debug": [Function],
  "findAllByAltText": [Function],
  "findAllByDisplayValue": [Function],
  "findAllByLabelText": [Function],
  "findAllByPlaceholderText": [Function],
  "findAllByRole": [Function],
  "findAllByTestId": [Function],
  "findAllByText": [Function],
  "findAllByTitle": [Function],
  "findByAltText": [Function],
  "findByDisplayValue": [Function],
  "findByLabelText": [Function],
  "findByPlaceholderText": [Function],
  "findByRole": [Function],
  "findByTestId": [Function],
  "findByText": [Function],
  "findByTitle": [Function],
  "getAllByAltText": [Function],
  "getAllByDisplayValue": [Function],
  "getAllByLabelText": [Function],
  "getAllByPlaceholderText": [Function],
  "getAllByRole": [Function],
  "getAllByTestId": [Function],
  "getAllByText": [Function],
  "getAllByTitle": [Function],
  "getByAltText": [Function],
  "getByDisplayValue": [Function],
  "getByLabelText": [Function],
  "getByPlaceholderText": [Function],
  "getByRole": [Function],
  "getByTestId": [Function],
  "getByText": [Function],
  "getByTitle": [Function],
  "queryAllByAltText": [Function],
  "queryAllByDisplayValue": [Function],
  "queryAllByLabelText": [Function],
  "queryAllByPlaceholderText": [Function],
  "queryAllByRole": [Function],
  "queryAllByTestId": [Function],
  "queryAllByText": [Function],
  "queryAllByTitle": [Function],
  "queryByAltText": [Function],
  "queryByDisplayValue": [Function],
  "queryByLabelText": [Function],
  "queryByPlaceholderText": [Function],
  "queryByRole": [Function],
  "queryByTestId": [Function],
  "queryByText": [Function],
  "queryByTitle": [Function],
  "rerender": [Function],
  "unmount": [Function],
}
`;
